stm32wlxx_ll_gpio.h:937:22:LL_GPIO_SetOutputPin	16	static
stm32wlxx_ll_gpio.h:966:22:LL_GPIO_ResetOutputPin	16	static
mn_api.c:117:6:MN_API_Init	16	static
mn_api.c:149:6:MN_API_DeInit	8	static
mn_api.c:168:6:MN_API_StartRx	8	static
mn_api.c:183:6:MN_API_StopRx	4	static
mn_api.c:195:6:MN_API_change_frequency	16	static
mn_api.c:210:6:MN_API_Enable16KHzSamplingTimer	8	static
mn_api.c:221:6:MN_API_Disable16KHzSamplingTimer	8	static
mn_api.c:232:6:MN_API_Pattern_Found	40	static
mn_api.c:270:6:MN_API_TimerSart	24	static
mn_api.c:285:6:MN_API_TimerStop	8	static
mn_api.c:303:13:MN_TIM_Start	8	static
mn_api.c:317:13:MN_TIM_Stop	8	static
mn_api.c:334:6:HAL_LPTIM_AutoReloadMatchCallback	24	static
