sgfx_credentials.c:104:13:CREDENTIALS_aes_128_cbc_encrypt	72	static
sgfx_credentials.c:133:13:CREDENTIALS_aes_128_cbc_encrypt_with_session_key	56	static
sgfx_credentials.c:155:13:CREDENTIALS_wrap_session_key	64	static
sgfx_credentials.c:182:13:CREDENTIALS_get_version	4	static
sgfx_credentials.c:193:6:CREDENTIALS_get_dev_id	64	static
sgfx_credentials.c:211:6:CREDENTIALS_get_initial_pac	64	static
sgfx_credentials.c:228:10:CREDENTIALS_get_payload_encryption_flag	8	static
sgfx_credentials.c:236:6:CREDENTIALS_set_payload_encryption_flag	16	static
sgfx_credentials.c:259:13:CREDENTIALS_get_key	72	static
sgfx_credentials.c:292:20:CREDENTIALS_get_cra	24	static
