Archive member included to satisfy reference by file (symbol)

c:/st/stm32cubeide_1.5.1/stm32cubeide/plugins/com.st.stm32cube.ide.mcu.externaltools.gnu-tools-for-stm32.7-2018-q2-update.win32_1.5.0.202011040924/tools/bin/../lib/gcc/arm-none-eabi/7.3.1/../../../../arm-none-eabi/lib/thumb/v7e-m\libc_nano.a(lib_a-errno.o)
                              Application/Core/syscalls.o (__errno)
c:/st/stm32cubeide_1.5.1/stm32cubeide/plugins/com.st.stm32cube.ide.mcu.externaltools.gnu-tools-for-stm32.7-2018-q2-update.win32_1.5.0.202011040924/tools/bin/../lib/gcc/arm-none-eabi/7.3.1/../../../../arm-none-eabi/lib/thumb/v7e-m\libc_nano.a(lib_a-exit.o)
                              c:/st/stm32cubeide_1.5.1/stm32cubeide/plugins/com.st.stm32cube.ide.mcu.externaltools.gnu-tools-for-stm32.7-2018-q2-update.win32_1.5.0.202011040924/tools/bin/../lib/gcc/arm-none-eabi/7.3.1/../../../../arm-none-eabi/lib/thumb/v7e-m/crt0.o (exit)
c:/st/stm32cubeide_1.5.1/stm32cubeide/plugins/com.st.stm32cube.ide.mcu.externaltools.gnu-tools-for-stm32.7-2018-q2-update.win32_1.5.0.202011040924/tools/bin/../lib/gcc/arm-none-eabi/7.3.1/../../../../arm-none-eabi/lib/thumb/v7e-m\libc_nano.a(lib_a-impure.o)
                              c:/st/stm32cubeide_1.5.1/stm32cubeide/plugins/com.st.stm32cube.ide.mcu.externaltools.gnu-tools-for-stm32.7-2018-q2-update.win32_1.5.0.202011040924/tools/bin/../lib/gcc/arm-none-eabi/7.3.1/../../../../arm-none-eabi/lib/thumb/v7e-m\libc_nano.a(lib_a-exit.o) (_global_impure_ptr)
c:/st/stm32cubeide_1.5.1/stm32cubeide/plugins/com.st.stm32cube.ide.mcu.externaltools.gnu-tools-for-stm32.7-2018-q2-update.win32_1.5.0.202011040924/tools/bin/../lib/gcc/arm-none-eabi/7.3.1/../../../../arm-none-eabi/lib/thumb/v7e-m\libc_nano.a(lib_a-init.o)
                              c:/st/stm32cubeide_1.5.1/stm32cubeide/plugins/com.st.stm32cube.ide.mcu.externaltools.gnu-tools-for-stm32.7-2018-q2-update.win32_1.5.0.202011040924/tools/bin/../lib/gcc/arm-none-eabi/7.3.1/../../../../arm-none-eabi/lib/thumb/v7e-m/crt0.o (__libc_init_array)
c:/st/stm32cubeide_1.5.1/stm32cubeide/plugins/com.st.stm32cube.ide.mcu.externaltools.gnu-tools-for-stm32.7-2018-q2-update.win32_1.5.0.202011040924/tools/bin/../lib/gcc/arm-none-eabi/7.3.1/../../../../arm-none-eabi/lib/thumb/v7e-m\libc_nano.a(lib_a-memset.o)
                              c:/st/stm32cubeide_1.5.1/stm32cubeide/plugins/com.st.stm32cube.ide.mcu.externaltools.gnu-tools-for-stm32.7-2018-q2-update.win32_1.5.0.202011040924/tools/bin/../lib/gcc/arm-none-eabi/7.3.1/../../../../arm-none-eabi/lib/thumb/v7e-m/crt0.o (memset)
c:/st/stm32cubeide_1.5.1/stm32cubeide/plugins/com.st.stm32cube.ide.mcu.externaltools.gnu-tools-for-stm32.7-2018-q2-update.win32_1.5.0.202011040924/tools/bin/../lib/gcc/arm-none-eabi/7.3.1/../../../../arm-none-eabi/lib/thumb/v7e-m\libc_nano.a(lib_a-strlen.o)
                              Application/Core/sys_app.o (strlen)
c:/st/stm32cubeide_1.5.1/stm32cubeide/plugins/com.st.stm32cube.ide.mcu.externaltools.gnu-tools-for-stm32.7-2018-q2-update.win32_1.5.0.202011040924/tools/bin/../lib/gcc/arm-none-eabi/7.3.1/thumb/v7e-m\libgcc.a(_aeabi_uldivmod.o)
                              Application/Core/timer_if.o (__aeabi_uldivmod)
c:/st/stm32cubeide_1.5.1/stm32cubeide/plugins/com.st.stm32cube.ide.mcu.externaltools.gnu-tools-for-stm32.7-2018-q2-update.win32_1.5.0.202011040924/tools/bin/../lib/gcc/arm-none-eabi/7.3.1/thumb/v7e-m\libgcc.a(_udivmoddi4.o)
                              c:/st/stm32cubeide_1.5.1/stm32cubeide/plugins/com.st.stm32cube.ide.mcu.externaltools.gnu-tools-for-stm32.7-2018-q2-update.win32_1.5.0.202011040924/tools/bin/../lib/gcc/arm-none-eabi/7.3.1/thumb/v7e-m\libgcc.a(_aeabi_uldivmod.o) (__udivmoddi4)
c:/st/stm32cubeide_1.5.1/stm32cubeide/plugins/com.st.stm32cube.ide.mcu.externaltools.gnu-tools-for-stm32.7-2018-q2-update.win32_1.5.0.202011040924/tools/bin/../lib/gcc/arm-none-eabi/7.3.1/thumb/v7e-m\libgcc.a(_dvmd_tls.o)
                              c:/st/stm32cubeide_1.5.1/stm32cubeide/plugins/com.st.stm32cube.ide.mcu.externaltools.gnu-tools-for-stm32.7-2018-q2-update.win32_1.5.0.202011040924/tools/bin/../lib/gcc/arm-none-eabi/7.3.1/thumb/v7e-m\libgcc.a(_aeabi_uldivmod.o) (__aeabi_ldiv0)

Allocating common symbols
Common symbol       size              file

hsubghz             0xc               Application/Core/subghz.o
sys_hpb_exti        0x18              Application/Core/board_resources.o
hlpuart1            0x90              Application/Core/usart.o
hlptim1             0x3c              Application/Core/lptim.o
hrtc                0x38              Application/Core/rtc.o
hdma_lpuart1_tx     0x60              Application/Core/usart.o
charRx              0x1               Application/Core/usart_if.o
hadc                0x64              Application/Core/adc.o

Discarded input sections

[...]
Memory Configuration

Name             Origin             Length             Attributes
ROM              0x0000000008000000 0x0000000000040000 xr
SIGFOX_DATA      0x000000000803e500 0x0000000000000300 xr
RAM1             0x0000000020000000 0x0000000000008000 xrw
RAM2             0x0000000020008000 0x0000000000008000 xrw
*default*        0x0000000000000000 0xffffffffffffffff

Linker script and memory map

LOAD c:/st/stm32cubeide_1.5.1/stm32cubeide/plugins/com.st.stm32cube.ide.mcu.externaltools.gnu-tools-for-stm32.7-2018-q2-update.win32_1.5.0.202011040924/tools/bin/../lib/gcc/arm-none-eabi/7.3.1/thumb/v7e-m/crti.o
LOAD c:/st/stm32cubeide_1.5.1/stm32cubeide/plugins/com.st.stm32cube.ide.mcu.externaltools.gnu-tools-for-stm32.7-2018-q2-update.win32_1.5.0.202011040924/tools/bin/../lib/gcc/arm-none-eabi/7.3.1/thumb/v7e-m/crtbegin.o
LOAD c:/st/stm32cubeide_1.5.1/stm32cubeide/plugins/com.st.stm32cube.ide.mcu.externaltools.gnu-tools-for-stm32.7-2018-q2-update.win32_1.5.0.202011040924/tools/bin/../lib/gcc/arm-none-eabi/7.3.1/../../../../arm-none-eabi/lib/thumb/v7e-m/crt0.o
LOAD Application/Core/adc.o
LOAD Application/Core/adc_if.o
LOAD Application/Core/board_resources.o
LOAD Application/Core/dma.o
LOAD Application/Core/flash_if.o
LOAD Application/Core/lptim.o
LOAD Application/Core/main.o
LOAD Application/Core/mn_lptim_if.o
LOAD Application/Core/rtc.o
LOAD Application/Core/stm32_lpm_if.o
LOAD Application/Core/stm32wlxx_hal_msp.o
LOAD Application/Core/stm32wlxx_it.o
LOAD Application/Core/subghz.o
LOAD Application/Core/sys_app.o
LOAD Application/Core/sys_debug.o
LOAD Application/Core/sys_sensors.o
LOAD Application/Core/syscalls.o
LOAD Application/Core/sysmem.o
LOAD Application/Core/timer_if.o
LOAD Application/Core/usart.o
LOAD Application/Core/usart_if.o
LOAD Application/Startup/startup_stm32wl55jcix.o
LOAD ../../../../../../../Middlewares/Third_Party/Sigfox/SigfoxLibTest\SFX_ADDON_RFP_V0.6.0_SE_FDL_MON.a
LOAD ../../../../../../../Middlewares/Third_Party/Sigfox/SigfoxLib\SFX_LIB_V2.8.1_SE_FDL_MON.a
LOAD ../../../../../../../Middlewares/Third_Party/Sigfox/Crypto\Sgfx-Cmac-V1.0.0-CM0-O3.a
LOAD ../../../../../../../Middlewares/Third_Party/Sigfox/Monarch\Sgfx-Monarch-V2.0.0-CM0-O3.a
START GROUP
LOAD c:/st/stm32cubeide_1.5.1/stm32cubeide/plugins/com.st.stm32cube.ide.mcu.externaltools.gnu-tools-for-stm32.7-2018-q2-update.win32_1.5.0.202011040924/tools/bin/../lib/gcc/arm-none-eabi/7.3.1/../../../../arm-none-eabi/lib/thumb/v7e-m\libc_nano.a
LOAD c:/st/stm32cubeide_1.5.1/stm32cubeide/plugins/com.st.stm32cube.ide.mcu.externaltools.gnu-tools-for-stm32.7-2018-q2-update.win32_1.5.0.202011040924/tools/bin/../lib/gcc/arm-none-eabi/7.3.1/../../../../arm-none-eabi/lib/thumb/v7e-m\libm.a
END GROUP
START GROUP
LOAD c:/st/stm32cubeide_1.5.1/stm32cubeide/plugins/com.st.stm32cube.ide.mcu.externaltools.gnu-tools-for-stm32.7-2018-q2-update.win32_1.5.0.202011040924/tools/bin/../lib/gcc/arm-none-eabi/7.3.1/thumb/v7e-m\libgcc.a
LOAD c:/st/stm32cubeide_1.5.1/stm32cubeide/plugins/com.st.stm32cube.ide.mcu.externaltools.gnu-tools-for-stm32.7-2018-q2-update.win32_1.5.0.202011040924/tools/bin/../lib/gcc/arm-none-eabi/7.3.1/../../../../arm-none-eabi/lib/thumb/v7e-m\libc_nano.a
END GROUP
START GROUP
LOAD c:/st/stm32cubeide_1.5.1/stm32cubeide/plugins/com.st.stm32cube.ide.mcu.externaltools.gnu-tools-for-stm32.7-2018-q2-update.win32_1.5.0.202011040924/tools/bin/../lib/gcc/arm-none-eabi/7.3.1/thumb/v7e-m\libgcc.a
LOAD c:/st/stm32cubeide_1.5.1/stm32cubeide/plugins/com.st.stm32cube.ide.mcu.externaltools.gnu-tools-for-stm32.7-2018-q2-update.win32_1.5.0.202011040924/tools/bin/../lib/gcc/arm-none-eabi/7.3.1/../../../../arm-none-eabi/lib/thumb/v7e-m\libc_nano.a
LOAD c:/st/stm32cubeide_1.5.1/stm32cubeide/plugins/com.st.stm32cube.ide.mcu.externaltools.gnu-tools-for-stm32.7-2018-q2-update.win32_1.5.0.202011040924/tools/bin/../lib/gcc/arm-none-eabi/7.3.1/../../../../arm-none-eabi/lib/thumb/v7e-m\libnosys.a
END GROUP
START GROUP
LOAD c:/st/stm32cubeide_1.5.1/stm32cubeide/plugins/com.st.stm32cube.ide.mcu.externaltools.gnu-tools-for-stm32.7-2018-q2-update.win32_1.5.0.202011040924/tools/bin/../lib/gcc/arm-none-eabi/7.3.1/thumb/v7e-m\libgcc.a
LOAD c:/st/stm32cubeide_1.5.1/stm32cubeide/plugins/com.st.stm32cube.ide.mcu.externaltools.gnu-tools-for-stm32.7-2018-q2-update.win32_1.5.0.202011040924/tools/bin/../lib/gcc/arm-none-eabi/7.3.1/../../../../arm-none-eabi/lib/thumb/v7e-m\libc_nano.a
LOAD c:/st/stm32cubeide_1.5.1/stm32cubeide/plugins/com.st.stm32cube.ide.mcu.externaltools.gnu-tools-for-stm32.7-2018-q2-update.win32_1.5.0.202011040924/tools/bin/../lib/gcc/arm-none-eabi/7.3.1/../../../../arm-none-eabi/lib/thumb/v7e-m\libnosys.a
END GROUP
LOAD c:/st/stm32cubeide_1.5.1/stm32cubeide/plugins/com.st.stm32cube.ide.mcu.externaltools.gnu-tools-for-stm32.7-2018-q2-update.win32_1.5.0.202011040924/tools/bin/../lib/gcc/arm-none-eabi/7.3.1/thumb/v7e-m/crtend.o
LOAD c:/st/stm32cubeide_1.5.1/stm32cubeide/plugins/com.st.stm32cube.ide.mcu.externaltools.gnu-tools-for-stm32.7-2018-q2-update.win32_1.5.0.202011040924/tools/bin/../lib/gcc/arm-none-eabi/7.3.1/thumb/v7e-m/crtn.o
                0x0000000020008000                _estack = (ORIGIN (RAM1) + LENGTH (RAM1))
                0x0000000000000200                _Min_Heap_Size = 0x200
                0x0000000000001000                _Min_Stack_Size = 0x1000

.sigfox_data    0x000000000803e500        0x0
 */sigfox_data.o(.rodata)
                0x000000000803e500                . = ALIGN (0x8)

.isr_vector     0x0000000008000000      0x138
                0x0000000008000000                . = ALIGN (0x8)
 *(.isr_vector)
 .isr_vector    0x0000000008000000      0x138 Application/Startup/startup_stm32wl55jcix.o
                0x0000000008000000                g_pfnVectors
                0x0000000008000138                . = ALIGN (0x8)

.text           0x0000000008000138      0x2d8
                0x0000000008000138                . = ALIGN (0x8)
 *(.text)
 .text          0x0000000008000138       0x40 c:/st/stm32cubeide_1.5.1/stm32cubeide/plugins/com.st.stm32cube.ide.mcu.externaltools.gnu-tools-for-stm32.7-2018-q2-update.win32_1.5.0.202011040924/tools/bin/../lib/gcc/arm-none-eabi/7.3.1/thumb/v7e-m/crtbegin.o
 *(.text*)
 .text.LL_RCC_LSE_SetDriveCapability
                0x0000000008000178       0x2a Application/Core/main.o
 .text.main     0x00000000080001a2       0x16 Application/Core/main.o
                0x00000000080001a2                main
 .text.SystemClock_Config
                0x00000000080001b8       0xac Application/Core/main.o
                0x00000000080001b8                SystemClock_Config
 .text.Error_Handler
                0x0000000008000264        0x6 Application/Core/main.o
                0x0000000008000264                Error_Handler
 .text.NMI_Handler
                0x000000000800026a        0xc Application/Core/stm32wlxx_it.o
                0x000000000800026a                NMI_Handler
 .text.HardFault_Handler
                0x0000000008000276        0x6 Application/Core/stm32wlxx_it.o
                0x0000000008000276                HardFault_Handler
 .text.MemManage_Handler
                0x000000000800027c        0x6 Application/Core/stm32wlxx_it.o
                0x000000000800027c                MemManage_Handler
 .text.BusFault_Handler
                0x0000000008000282        0x6 Application/Core/stm32wlxx_it.o
                0x0000000008000282                BusFault_Handler
 .text.UsageFault_Handler
                0x0000000008000288        0x6 Application/Core/stm32wlxx_it.o
                0x0000000008000288                UsageFault_Handler
 .text.SVC_Handler
                0x000000000800028e        0xc Application/Core/stm32wlxx_it.o
                0x000000000800028e                SVC_Handler
 .text.DebugMon_Handler
                0x000000000800029a        0xc Application/Core/stm32wlxx_it.o
                0x000000000800029a                DebugMon_Handler
 .text.PendSV_Handler
                0x00000000080002a6        0xc Application/Core/stm32wlxx_it.o
                0x00000000080002a6                PendSV_Handler
 .text.SysTick_Handler
                0x00000000080002b2        0xc Application/Core/stm32wlxx_it.o
                0x00000000080002b2                SysTick_Handler
 *fill*         0x00000000080002be        0x2 
 .text.TAMP_STAMP_LSECSS_SSRU_IRQHandler
                0x00000000080002c0       0x14 Application/Core/stm32wlxx_it.o
                0x00000000080002c0                TAMP_STAMP_LSECSS_SSRU_IRQHandler
 .text.EXTI0_IRQHandler
                0x00000000080002d4        0xe Application/Core/stm32wlxx_it.o
                0x00000000080002d4                EXTI0_IRQHandler
 *fill*         0x00000000080002e2        0x2 
 .text.DMA1_Channel5_IRQHandler
                0x00000000080002e4       0x14 Application/Core/stm32wlxx_it.o
                0x00000000080002e4                DMA1_Channel5_IRQHandler
 .text.LPUART1_IRQHandler
                0x00000000080002f8       0x14 Application/Core/stm32wlxx_it.o
                0x00000000080002f8                LPUART1_IRQHandler
 .text.LPTIM1_IRQHandler
                0x000000000800030c       0x14 Application/Core/stm32wlxx_it.o
                0x000000000800030c                LPTIM1_IRQHandler
 .text.RTC_Alarm_IRQHandler
                0x0000000008000320       0x14 Application/Core/stm32wlxx_it.o
                0x0000000008000320                RTC_Alarm_IRQHandler
 .text.SUBGHZ_Radio_IRQHandler
                0x0000000008000334       0x14 Application/Core/stm32wlxx_it.o
                0x0000000008000334                SUBGHZ_Radio_IRQHandler
 .text.Reset_Handler
                0x0000000008000348       0x50 Application/Startup/startup_stm32wl55jcix.o
                0x0000000008000348                Reset_Handler
 .text.Default_Handler
                0x0000000008000398        0x2 Application/Startup/startup_stm32wl55jcix.o
                0x0000000008000398                EXTI2_IRQHandler
                0x0000000008000398                TIM1_CC_IRQHandler
                0x0000000008000398                EXTI3_IRQHandler
                0x0000000008000398                LPTIM2_IRQHandler
                0x0000000008000398                I2C3_ER_IRQHandler
                0x0000000008000398                LPTIM3_IRQHandler
                0x0000000008000398                I2C2_EV_IRQHandler
                0x0000000008000398                SPI1_IRQHandler
                0x0000000008000398                DMA2_Channel2_IRQHandler
                0x0000000008000398                DMA1_Channel4_IRQHandler
                0x0000000008000398                PKA_IRQHandler
                0x0000000008000398                TIM17_IRQHandler
                0x0000000008000398                DMA1_Channel7_IRQHandler
                0x0000000008000398                SUBGHZSPI_IRQHandler
                0x0000000008000398                IPCC_C1_TX_IRQHandler
                0x0000000008000398                DMA2_Channel1_IRQHandler
                0x0000000008000398                I2C1_EV_IRQHandler
                0x0000000008000398                DMAMUX1_OVR_IRQHandler
                0x0000000008000398                DMA1_Channel6_IRQHandler
                0x0000000008000398                TIM16_IRQHandler
                0x0000000008000398                DMA2_Channel4_IRQHandler
                0x0000000008000398                RCC_IRQHandler
                0x0000000008000398                TIM1_TRG_COM_IRQHandler
                0x0000000008000398                DMA1_Channel1_IRQHandler
                0x0000000008000398                Default_Handler
                0x0000000008000398                DMA2_Channel7_IRQHandler
                0x0000000008000398                EXTI15_10_IRQHandler
                0x0000000008000398                IPCC_C1_RX_IRQHandler
                0x0000000008000398                ADC_IRQHandler
                0x0000000008000398                C2SEV_PWR_C2H_IRQHandler
                0x0000000008000398                I2C3_EV_IRQHandler
                0x0000000008000398                EXTI9_5_IRQHandler
                0x0000000008000398                RTC_WKUP_IRQHandler
                0x0000000008000398                PVD_PVM_IRQHandler
                0x0000000008000398                SPI2_IRQHandler
                0x0000000008000398                DMA2_Channel5_IRQHandler
                0x0000000008000398                EXTI4_IRQHandler
                0x0000000008000398                RNG_IRQHandler
                0x0000000008000398                DMA1_Channel3_IRQHandler
                0x0000000008000398                COMP_IRQHandler
                0x0000000008000398                HSEM_IRQHandler
                0x0000000008000398                TIM1_UP_IRQHandler
                0x0000000008000398                WWDG_IRQHandler
                0x0000000008000398                DMA2_Channel6_IRQHandler
                0x0000000008000398                TIM2_IRQHandler
                0x0000000008000398                TIM1_BRK_IRQHandler
                0x0000000008000398                DAC_IRQHandler
                0x0000000008000398                EXTI1_IRQHandler
                0x0000000008000398                AES_IRQHandler
                0x0000000008000398                USART2_IRQHandler
                0x0000000008000398                I2C2_ER_IRQHandler
                0x0000000008000398                DMA1_Channel2_IRQHandler
                0x0000000008000398                FLASH_IRQHandler
                0x0000000008000398                USART1_IRQHandler
                0x0000000008000398                I2C1_ER_IRQHandler
                0x0000000008000398                DMA2_Channel3_IRQHandler
 *fill*         0x000000000800039a        0x2 
 .text.__libc_init_array
                0x000000000800039c       0x48 c:/st/stm32cubeide_1.5.1/stm32cubeide/plugins/com.st.stm32cube.ide.mcu.externaltools.gnu-tools-for-stm32.7-2018-q2-update.win32_1.5.0.202011040924/tools/bin/../lib/gcc/arm-none-eabi/7.3.1/../../../../arm-none-eabi/lib/thumb/v7e-m\libc_nano.a(lib_a-init.o)
                0x000000000800039c                __libc_init_array
 .text.memset   0x00000000080003e4       0x10 c:/st/stm32cubeide_1.5.1/stm32cubeide/plugins/com.st.stm32cube.ide.mcu.externaltools.gnu-tools-for-stm32.7-2018-q2-update.win32_1.5.0.202011040924/tools/bin/../lib/gcc/arm-none-eabi/7.3.1/../../../../arm-none-eabi/lib/thumb/v7e-m\libc_nano.a(lib_a-memset.o)
                0x00000000080003e4                memset
 *(.glue_7)
 .glue_7        0x00000000080003f4        0x0 linker stubs
 *(.glue_7t)
 .glue_7t       0x00000000080003f4        0x0 linker stubs
 *(.eh_frame)
 .eh_frame      0x00000000080003f4        0x0 c:/st/stm32cubeide_1.5.1/stm32cubeide/plugins/com.st.stm32cube.ide.mcu.externaltools.gnu-tools-for-stm32.7-2018-q2-update.win32_1.5.0.202011040924/tools/bin/../lib/gcc/arm-none-eabi/7.3.1/thumb/v7e-m/crtbegin.o
 *(.init)
 .init          0x00000000080003f4        0x4 c:/st/stm32cubeide_1.5.1/stm32cubeide/plugins/com.st.stm32cube.ide.mcu.externaltools.gnu-tools-for-stm32.7-2018-q2-update.win32_1.5.0.202011040924/tools/bin/../lib/gcc/arm-none-eabi/7.3.1/thumb/v7e-m/crti.o
                0x00000000080003f4                _init
 .init          0x00000000080003f8        0x8 c:/st/stm32cubeide_1.5.1/stm32cubeide/plugins/com.st.stm32cube.ide.mcu.externaltools.gnu-tools-for-stm32.7-2018-q2-update.win32_1.5.0.202011040924/tools/bin/../lib/gcc/arm-none-eabi/7.3.1/thumb/v7e-m/crtn.o
 *(.fini)
 .fini          0x0000000008000400        0x4 c:/st/stm32cubeide_1.5.1/stm32cubeide/plugins/com.st.stm32cube.ide.mcu.externaltools.gnu-tools-for-stm32.7-2018-q2-update.win32_1.5.0.202011040924/tools/bin/../lib/gcc/arm-none-eabi/7.3.1/thumb/v7e-m/crti.o
                0x0000000008000400                _fini
 .fini          0x0000000008000404        0x8 c:/st/stm32cubeide_1.5.1/stm32cubeide/plugins/com.st.stm32cube.ide.mcu.externaltools.gnu-tools-for-stm32.7-2018-q2-update.win32_1.5.0.202011040924/tools/bin/../lib/gcc/arm-none-eabi/7.3.1/thumb/v7e-m/crtn.o
                0x0000000008000410                . = ALIGN (0x8)
 *fill*         0x000000000800040c        0x4 
                0x0000000008000410                _etext = .

.vfp11_veneer   0x0000000008000410        0x0
 .vfp11_veneer  0x0000000008000410        0x0 linker stubs

.v4_bx          0x0000000008000410        0x0
 .v4_bx         0x0000000008000410        0x0 linker stubs

.iplt           0x0000000008000410        0x0
 .iplt          0x0000000008000410        0x0 c:/st/stm32cubeide_1.5.1/stm32cubeide/plugins/com.st.stm32cube.ide.mcu.externaltools.gnu-tools-for-stm32.7-2018-q2-update.win32_1.5.0.202011040924/tools/bin/../lib/gcc/arm-none-eabi/7.3.1/thumb/v7e-m/crtbegin.o

.rel.dyn        0x0000000008000410        0x0
 .rel.iplt      0x0000000008000410        0x0 c:/st/stm32cubeide_1.5.1/stm32cubeide/plugins/com.st.stm32cube.ide.mcu.externaltools.gnu-tools-for-stm32.7-2018-q2-update.win32_1.5.0.202011040924/tools/bin/../lib/gcc/arm-none-eabi/7.3.1/thumb/v7e-m/crtbegin.o

.rodata         0x0000000008000410        0x0
                0x0000000008000410                . = ALIGN (0x8)
 *(.rodata)
 *(.rodata*)
                0x0000000008000410                . = ALIGN (0x8)

.ARM.extab      0x0000000008000410        0x0
                0x0000000008000410                . = ALIGN (0x8)
 *(.ARM.extab* .gnu.linkonce.armextab.*)
                0x0000000008000410                . = ALIGN (0x8)

.ARM            0x0000000008000410        0x0
                0x0000000008000410                . = ALIGN (0x8)
                0x0000000008000410                __exidx_start = .
 *(.ARM.exidx*)
                0x0000000008000410                __exidx_end = .
                0x0000000008000410                . = ALIGN (0x8)

.preinit_array  0x0000000008000410        0x0
                0x0000000008000410                . = ALIGN (0x8)
                0x0000000008000410                PROVIDE (__preinit_array_start = .)
 *(.preinit_array*)
                0x0000000008000410                PROVIDE (__preinit_array_end = .)
                0x0000000008000410                . = ALIGN (0x8)

.init_array     0x0000000008000410        0x8
                0x0000000008000410                . = ALIGN (0x8)
                0x0000000008000410                PROVIDE (__init_array_start = .)
 *(SORT_BY_NAME(.init_array.*))
 *(.init_array*)
 .init_array    0x0000000008000410        0x4 c:/st/stm32cubeide_1.5.1/stm32cubeide/plugins/com.st.stm32cube.ide.mcu.externaltools.gnu-tools-for-stm32.7-2018-q2-update.win32_1.5.0.202011040924/tools/bin/../lib/gcc/arm-none-eabi/7.3.1/thumb/v7e-m/crtbegin.o
                0x0000000008000414                PROVIDE (__init_array_end = .)
                0x0000000008000418                . = ALIGN (0x8)
 *fill*         0x0000000008000414        0x4 

.fini_array     0x0000000008000418        0x8
                0x0000000008000418                . = ALIGN (0x8)
                [!provide]                        PROVIDE (__fini_array_start = .)
 *(SORT_BY_NAME(.fini_array.*))
 *(.fini_array*)
 .fini_array    0x0000000008000418        0x4 c:/st/stm32cubeide_1.5.1/stm32cubeide/plugins/com.st.stm32cube.ide.mcu.externaltools.gnu-tools-for-stm32.7-2018-q2-update.win32_1.5.0.202011040924/tools/bin/../lib/gcc/arm-none-eabi/7.3.1/thumb/v7e-m/crtbegin.o
                [!provide]                        PROVIDE (__fini_array_end = .)
                0x0000000008000420                . = ALIGN (0x8)
 *fill*         0x000000000800041c        0x4 
                0x0000000008000420                _sidata = LOADADDR (.data)

.data           0x0000000020000000        0x0 load address 0x0000000008000420
                0x0000000020000000                . = ALIGN (0x8)
                0x0000000020000000                _sdata = .
 *(.data)
 *(.data*)
                0x0000000020000000                . = ALIGN (0x8)
                0x0000000020000000                _edata = .

.igot.plt       0x0000000020000000        0x0 load address 0x0000000008000420
 .igot.plt      0x0000000020000000        0x0 c:/st/stm32cubeide_1.5.1/stm32cubeide/plugins/com.st.stm32cube.ide.mcu.externaltools.gnu-tools-for-stm32.7-2018-q2-update.win32_1.5.0.202011040924/tools/bin/../lib/gcc/arm-none-eabi/7.3.1/thumb/v7e-m/crtbegin.o
                0x0000000020000000                . = ALIGN (0x8)

.bss            0x0000000020000000      0x190 load address 0x0000000008000420
                0x0000000020000000                _sbss = .
                0x0000000020000000                __bss_start__ = _sbss
 *(.bss)
 .bss           0x0000000020000000       0x1c c:/st/stm32cubeide_1.5.1/stm32cubeide/plugins/com.st.stm32cube.ide.mcu.externaltools.gnu-tools-for-stm32.7-2018-q2-update.win32_1.5.0.202011040924/tools/bin/../lib/gcc/arm-none-eabi/7.3.1/thumb/v7e-m/crtbegin.o
 *(.bss*)
 *(COMMON)
 COMMON         0x000000002000001c       0x3c Application/Core/lptim.o
                0x000000002000001c                hlptim1
 COMMON         0x0000000020000058       0x38 Application/Core/rtc.o
                0x0000000020000058                hrtc
 COMMON         0x0000000020000090        0xc Application/Core/subghz.o
                0x0000000020000090                hsubghz
 COMMON         0x000000002000009c       0xf0 Application/Core/usart.o
                0x000000002000009c                hlpuart1
                0x000000002000012c                hdma_lpuart1_tx
                0x0000000020000190                . = ALIGN (0x8)
 *fill*         0x000000002000018c        0x4 
                0x0000000020000190                _ebss = .
                0x0000000020000190                __bss_end__ = _ebss
                0x0000000020000190                . = ALIGN (0x8)

RAM1_region     0x0000000020000190        0x0 load address 0x0000000008000420
                0x0000000020000190                _sRAM1_region = .
 *(.RAM1_region)
                0x0000000020000190                . = ALIGN (0x8)
                0x0000000020000190                _eRAM1_region = .
                0x0000000020000190                . = ALIGN (0x8)

RAM2_region     0x0000000020008000        0x0
                0x0000000020008000                _sRAM2_region = .
 *(.RAM2_region)
                0x0000000020008000                . = ALIGN (0x8)
                0x0000000020008000                _eRAM2_region = .

._user_heap_stack
                0x0000000020000190     0x1200
                0x0000000020000190                . = ALIGN (0x8)
                [!provide]                        PROVIDE (end = .)
                0x0000000020000190                PROVIDE (_end = .)
                0x0000000020000390                . = (. + _Min_Heap_Size)
 *fill*         0x0000000020000190      0x200 
                0x0000000020001390                . = (. + _Min_Stack_Size)
 *fill*         0x0000000020000390     0x1000 
                0x0000000020001390                . = ALIGN (0x8)

/DISCARD/
 libc.a(*)
 libm.a(*)
 libgcc.a(*)

.ARM.attributes
                0x0000000000000000       0x2a
 *(.ARM.attributes)
 .ARM.attributes
                0x0000000000000000       0x1e c:/st/stm32cubeide_1.5.1/stm32cubeide/plugins/com.st.stm32cube.ide.mcu.externaltools.gnu-tools-for-stm32.7-2018-q2-update.win32_1.5.0.202011040924/tools/bin/../lib/gcc/arm-none-eabi/7.3.1/thumb/v7e-m/crti.o
 .ARM.attributes
                0x000000000000001e       0x2e c:/st/stm32cubeide_1.5.1/stm32cubeide/plugins/com.st.stm32cube.ide.mcu.externaltools.gnu-tools-for-stm32.7-2018-q2-update.win32_1.5.0.202011040924/tools/bin/../lib/gcc/arm-none-eabi/7.3.1/thumb/v7e-m/crtbegin.o
 .ARM.attributes
                0x000000000000004c       0x33 Application/Core/lptim.o
 .ARM.attributes
                0x000000000000007f       0x33 Application/Core/main.o
 .ARM.attributes
                0x00000000000000b2       0x33 Application/Core/rtc.o
 .ARM.attributes
                0x00000000000000e5       0x33 Application/Core/stm32wlxx_it.o
 .ARM.attributes
                0x0000000000000118       0x33 Application/Core/subghz.o
 .ARM.attributes
                0x000000000000014b       0x33 Application/Core/usart.o
 .ARM.attributes
                0x000000000000017e       0x21 Application/Startup/startup_stm32wl55jcix.o
 .ARM.attributes
                0x000000000000019f       0x2e c:/st/stm32cubeide_1.5.1/stm32cubeide/plugins/com.st.stm32cube.ide.mcu.externaltools.gnu-tools-for-stm32.7-2018-q2-update.win32_1.5.0.202011040924/tools/bin/../lib/gcc/arm-none-eabi/7.3.1/../../../../arm-none-eabi/lib/thumb/v7e-m\libc_nano.a(lib_a-init.o)
 .ARM.attributes
                0x00000000000001cd       0x2e c:/st/stm32cubeide_1.5.1/stm32cubeide/plugins/com.st.stm32cube.ide.mcu.externaltools.gnu-tools-for-stm32.7-2018-q2-update.win32_1.5.0.202011040924/tools/bin/../lib/gcc/arm-none-eabi/7.3.1/../../../../arm-none-eabi/lib/thumb/v7e-m\libc_nano.a(lib_a-memset.o)
 .ARM.attributes
                0x00000000000001fb       0x1e c:/st/stm32cubeide_1.5.1/stm32cubeide/plugins/com.st.stm32cube.ide.mcu.externaltools.gnu-tools-for-stm32.7-2018-q2-update.win32_1.5.0.202011040924/tools/bin/../lib/gcc/arm-none-eabi/7.3.1/thumb/v7e-m/crtn.o
OUTPUT(Sigfox_PushButton.elf elf32-littlearm)

.debug_info     0x0000000000000000     0x7d3b
 .debug_info    0x0000000000000000     0x13c6 Application/Core/lptim.o
 .debug_info    0x00000000000013c6     0x11aa Application/Core/main.o
 .debug_info    0x0000000000002570     0x1558 Application/Core/rtc.o
 .debug_info    0x0000000000003ac8     0x181b Application/Core/stm32wlxx_it.o
 .debug_info    0x00000000000052e3     0x114b Application/Core/subghz.o
 .debug_info    0x000000000000642e     0x18eb Application/Core/usart.o
 .debug_info    0x0000000000007d19       0x22 Application/Startup/startup_stm32wl55jcix.o

.debug_abbrev   0x0000000000000000      0xd6e
 .debug_abbrev  0x0000000000000000      0x258 Application/Core/lptim.o
 .debug_abbrev  0x0000000000000258      0x22f Application/Core/main.o
 .debug_abbrev  0x0000000000000487      0x240 Application/Core/rtc.o
 .debug_abbrev  0x00000000000006c7      0x1e1 Application/Core/stm32wlxx_it.o
 .debug_abbrev  0x00000000000008a8      0x24b Application/Core/subghz.o
 .debug_abbrev  0x0000000000000af3      0x269 Application/Core/usart.o
 .debug_abbrev  0x0000000000000d5c       0x12 Application/Startup/startup_stm32wl55jcix.o

.debug_aranges  0x0000000000000000      0x210
 .debug_aranges
                0x0000000000000000       0x40 Application/Core/lptim.o
 .debug_aranges
                0x0000000000000040       0x38 Application/Core/main.o
 .debug_aranges
                0x0000000000000078       0x50 Application/Core/rtc.o
 .debug_aranges
                0x00000000000000c8       0x98 Application/Core/stm32wlxx_it.o
 .debug_aranges
                0x0000000000000160       0x40 Application/Core/subghz.o
 .debug_aranges
                0x00000000000001a0       0x48 Application/Core/usart.o
 .debug_aranges
                0x00000000000001e8       0x28 Application/Startup/startup_stm32wl55jcix.o

.debug_ranges   0x0000000000000000      0x1a8
 .debug_ranges  0x0000000000000000       0x30 Application/Core/lptim.o
 .debug_ranges  0x0000000000000030       0x28 Application/Core/main.o
 .debug_ranges  0x0000000000000058       0x40 Application/Core/rtc.o
 .debug_ranges  0x0000000000000098       0x88 Application/Core/stm32wlxx_it.o
 .debug_ranges  0x0000000000000120       0x30 Application/Core/subghz.o
 .debug_ranges  0x0000000000000150       0x38 Application/Core/usart.o
 .debug_ranges  0x0000000000000188       0x20 Application/Startup/startup_stm32wl55jcix.o

.debug_macro    0x0000000000000000     0x15c1
 .debug_macro   0x0000000000000000      0x39a Application/Core/lptim.o
 .debug_macro   0x000000000000039a      0x3a3 Application/Core/main.o
 .debug_macro   0x000000000000073d       0x1c Application/Core/main.o
 .debug_macro   0x0000000000000759      0x39a Application/Core/rtc.o
 .debug_macro   0x0000000000000af3      0x39a Application/Core/stm32wlxx_it.o
 .debug_macro   0x0000000000000e8d      0x39a Application/Core/subghz.o
 .debug_macro   0x0000000000001227      0x39a Application/Core/usart.o

.debug_line     0x0000000000000000     0x442c
 .debug_line    0x0000000000000000      0xb10 Application/Core/lptim.o
 .debug_line    0x0000000000000b10      0xb2e Application/Core/main.o
 .debug_line    0x000000000000163e      0xb45 Application/Core/rtc.o
 .debug_line    0x0000000000002183      0xbd2 Application/Core/stm32wlxx_it.o
 .debug_line    0x0000000000002d55      0xb02 Application/Core/subghz.o
 .debug_line    0x0000000000003857      0xb45 Application/Core/usart.o
 .debug_line    0x000000000000439c       0x90 Application/Startup/startup_stm32wl55jcix.o

.debug_str      0x0000000000000000    0xc7c4c
 .debug_str     0x0000000000000000    0xc6ba7 Application/Core/lptim.o
                                      0xc7445 (size before relaxing)
 .debug_str     0x00000000000c6ba7      0x33b Application/Core/main.o
                                      0xc6f4c (size before relaxing)
 .debug_str     0x00000000000c6ee2      0x374 Application/Core/rtc.o
                                      0xc751a (size before relaxing)
 .debug_str     0x00000000000c7256      0x722 Application/Core/stm32wlxx_it.o
                                      0xc752f (size before relaxing)
 .debug_str     0x00000000000c7978      0x10c Application/Core/subghz.o
                                      0xc71cd (size before relaxing)
 .debug_str     0x00000000000c7a84      0x18b Application/Core/usart.o
                                      0xc77db (size before relaxing)
 .debug_str     0x00000000000c7c0f       0x3d Application/Startup/startup_stm32wl55jcix.o
                                         0xc5 (size before relaxing)

.comment        0x0000000000000000       0x7b
 .comment       0x0000000000000000       0x7b Application/Core/lptim.o
                                         0x7c (size before relaxing)
 .comment       0x000000000000007b       0x7c Application/Core/main.o
 .comment       0x000000000000007b       0x7c Application/Core/rtc.o
 .comment       0x000000000000007b       0x7c Application/Core/stm32wlxx_it.o
 .comment       0x000000000000007b       0x7c Application/Core/subghz.o
 .comment       0x000000000000007b       0x7c Application/Core/usart.o

.debug_frame    0x0000000000000000      0x62c
 .debug_frame   0x0000000000000000       0xc4 Application/Core/lptim.o
 .debug_frame   0x00000000000000c4       0x90 Application/Core/main.o
 .debug_frame   0x0000000000000154      0x10c Application/Core/rtc.o
 .debug_frame   0x0000000000000260      0x1d0 Application/Core/stm32wlxx_it.o
 .debug_frame   0x0000000000000430       0xc4 Application/Core/subghz.o
 .debug_frame   0x00000000000004f4       0xec Application/Core/usart.o
 .debug_frame   0x00000000000005e0       0x2c c:/st/stm32cubeide_1.5.1/stm32cubeide/plugins/com.st.stm32cube.ide.mcu.externaltools.gnu-tools-for-stm32.7-2018-q2-update.win32_1.5.0.202011040924/tools/bin/../lib/gcc/arm-none-eabi/7.3.1/../../../../arm-none-eabi/lib/thumb/v7e-m\libc_nano.a(lib_a-init.o)
 .debug_frame   0x000000000000060c       0x20 c:/st/stm32cubeide_1.5.1/stm32cubeide/plugins/com.st.stm32cube.ide.mcu.externaltools.gnu-tools-for-stm32.7-2018-q2-update.win32_1.5.0.202011040924/tools/bin/../lib/gcc/arm-none-eabi/7.3.1/../../../../arm-none-eabi/lib/thumb/v7e-m\libc_nano.a(lib_a-memset.o)
