sgfx_eeprom_if.c:84:6:E2P_Init	8	static
sgfx_eeprom_if.c:108:6:E2P_RestoreFs	48	static
sgfx_eeprom_if.c:163:8:E2P_Read_Power	24	static
sgfx_eeprom_if.c:204:6:E2P_Write_Power	16	static
sgfx_eeprom_if.c:247:15:E2P_Read_Rc	16	static
sgfx_eeprom_if.c:260:6:E2P_Write_Rc	16	static
sgfx_eeprom_if.c:275:9:E2P_Read_RssiCal	16	static
sgfx_eeprom_if.c:288:6:E2P_Write_RssiCal	16	static
sgfx_eeprom_if.c:303:10:E2P_Read_AtEcho	16	static
sgfx_eeprom_if.c:316:6:E2P_Write_AtEcho	16	static
sgfx_eeprom_if.c:331:16:E2P_Read_KeyType	16	static
sgfx_eeprom_if.c:344:6:E2P_Write_KeyType	16	static
sgfx_eeprom_if.c:359:9:E2P_Read_EncryptionFlag	16	static
sgfx_eeprom_if.c:372:6:E2P_Write_EncryptionFlag	16	static
sgfx_eeprom_if.c:387:9:E2P_Read_VerboseLevel	16	static
sgfx_eeprom_if.c:400:6:E2P_Write_VerboseLevel	16	static
sgfx_eeprom_if.c:415:6:E2P_Read_ConfigWords	16	static
sgfx_eeprom_if.c:481:6:E2P_Write_ConfigWords	16	static
sgfx_eeprom_if.c:550:19:E2P_Read_SeNvm	32	static
sgfx_eeprom_if.c:580:19:E2P_Write_SeNvm	24	static
sgfx_eeprom_if.c:608:19:E2P_Read_McuNvm	32	static
sgfx_eeprom_if.c:634:19:E2P_Write_McuNvm	24	static
sgfx_eeprom_if.c:666:13:E2P_Write	16	static
sgfx_eeprom_if.c:680:13:E2P_Read	16	static
