stm32_adv_trace.c:166:25:UTIL_ADV_TRACE_Init	8	static
stm32_adv_trace.c:182:25:UTIL_ADV_TRACE_DeInit	8	static
stm32_adv_trace.c:188:25:UTIL_ADV_TRACE_StartRxProcess	16	static
stm32_adv_trace.c:195:25:UTIL_ADV_TRACE_COND_FSend	60	static
stm32_adv_trace.c:288:25:UTIL_ADV_TRACE_FSend	272	static
stm32_adv_trace.c:301:25:UTIL_ADV_TRACE_COND_ZCSend_Allocation	56	static
stm32_adv_trace.c:368:25:UTIL_ADV_TRACE_COND_ZCSend_Finalize	8	static
stm32_adv_trace.c:374:25:UTIL_ADV_TRACE_ZCSend_Allocation	32	static
stm32_adv_trace.c:417:25:UTIL_ADV_TRACE_ZCSend_Finalize	8	static
stm32_adv_trace.c:424:25:UTIL_ADV_TRACE_COND_Send	56	static
stm32_adv_trace.c:498:25:UTIL_ADV_TRACE_Send	32	static
stm32_adv_trace.c:557:6:UTIL_ADV_TRACE_RegisterTimeStampFunction	16	static
stm32_adv_trace.c:562:6:UTIL_ADV_TRACE_SetVerboseLevel	16	static
stm32_adv_trace.c:567:9:UTIL_ADV_TRACE_GetVerboseLevel	4	static
stm32_adv_trace.c:572:6:UTIL_ADV_TRACE_SetRegion	16	static
stm32_adv_trace.c:577:10:UTIL_ADV_TRACE_GetRegion	4	static
stm32_adv_trace.c:582:6:UTIL_ADV_TRACE_ResetRegion	16	static
stm32_adv_trace.c:588:13:UTIL_ADV_TRACE_PreSendHook	4	static
stm32_adv_trace.c:592:13:UTIL_ADV_TRACE_PostSendHook	4	static
stm32_adv_trace.c:608:32:TRACE_Send	40	static,ignoring_inline_asm
stm32_adv_trace.c:692:13:TRACE_TxCpltCallback	32	static,ignoring_inline_asm
stm32_adv_trace.c:784:16:TRACE_AllocateBufer	32	static,ignoring_inline_asm
stm32_adv_trace.c:858:13:TRACE_Lock	24	static,ignoring_inline_asm
stm32_adv_trace.c:869:13:TRACE_UnLock	24	static,ignoring_inline_asm
stm32_adv_trace.c:880:17:TRACE_IsLocked	4	static
