radio_driver.c:118:6:SUBGRF_Init	24	static
radio_driver.c:156:23:SUBGRF_GetOperatingMode	4	static
radio_driver.c:161:6:SUBGRF_SetPayload	16	static
radio_driver.c:166:9:SUBGRF_GetPayload	32	static
radio_driver.c:179:6:SUBGRF_SendPayload	24	static
radio_driver.c:185:9:SUBGRF_SetSyncWord	16	static
radio_driver.c:191:6:SUBGRF_SetCrcSeed	24	static
radio_driver.c:209:6:SUBGRF_SetCrcPolynomial	24	static
radio_driver.c:227:6:SUBGRF_SetWhiteningSeed	24	static
radio_driver.c:245:10:SUBGRF_GetRandom	16	static
radio_driver.c:270:6:SUBGRF_SetSleep	24	static
radio_driver.c:284:6:SUBGRF_SetStandby	16	static
radio_driver.c:297:6:SUBGRF_SetFs	8	static
radio_driver.c:303:6:SUBGRF_SetTx	24	static
radio_driver.c:315:6:SUBGRF_SetRx	24	static
radio_driver.c:327:6:SUBGRF_SetRxBoosted	24	static
radio_driver.c:343:6:SUBGRF_SetRxDutyCycle	24	static
radio_driver.c:357:6:SUBGRF_SetCad	8	static
radio_driver.c:363:6:SUBGRF_SetTxContinuousWave	8	static
radio_driver.c:368:6:SUBGRF_SetTxInfinitePreamble	8	static
radio_driver.c:373:6:SUBGRF_SetStopRxTimerOnPreambleDetect	16	static
radio_driver.c:378:6:SUBGRF_SetLoRaSymbNumTimeout	24	static
radio_driver.c:399:6:SUBGRF_SetRegulatorMode	16	static
radio_driver.c:416:6:SUBGRF_Calibrate	24	static
radio_driver.c:429:6:SUBGRF_CalibrateImage	24	static
radio_driver.c:461:6:SUBGRF_SetPaConfig	32	static
radio_driver.c:472:6:SUBGRF_SetRxTxFallbackMode	16	static
radio_driver.c:477:6:SUBGRF_SetDioIrqParams	32	static
radio_driver.c:492:10:SUBGRF_GetIrqStatus	16	static
radio_driver.c:500:6:SUBGRF_SetTcxoMode	24	static
radio_driver.c:512:6:SUBGRF_SetRfFrequency	40	static
radio_driver.c:534:6:SUBGRF_SetPacketType	16	static
radio_driver.c:546:20:SUBGRF_GetPacketType	4	static
radio_driver.c:551:6:SUBGRF_SetTxParams	24	static
radio_driver.c:598:6:SUBGRF_SetModulationParams	48	static
radio_driver.c:664:6:SUBGRF_SetPacketParams	32	static
radio_driver.c:728:6:SUBGRF_SetCadParams	32	static
radio_driver.c:743:6:SUBGRF_SetBufferBaseAddress	24	static
radio_driver.c:752:15:SUBGRF_GetStatus	16	static
radio_driver.c:765:8:SUBGRF_GetRssiInst	16	static
radio_driver.c:775:6:SUBGRF_GetRxBufferStatus	24	static
radio_driver.c:794:6:SUBGRF_GetPacketStatus	24	static
radio_driver.c:828:14:SUBGRF_GetDeviceErrors	16	static
radio_driver.c:845:6:SUBGRF_ClearDeviceErrors	16	static
radio_driver.c:851:6:SUBGRF_ClearIrqStatus	24	static
radio_driver.c:860:6:SUBGRF_WriteRegister	16	static
radio_driver.c:865:9:SUBGRF_ReadRegister	24	static
radio_driver.c:872:6:SUBGRF_WriteRegisters	16	static
radio_driver.c:877:6:SUBGRF_ReadRegisters	16	static
radio_driver.c:882:6:SUBGRF_WriteBuffer	16	static
radio_driver.c:887:6:SUBGRF_ReadBuffer	16	static
radio_driver.c:892:6:SUBGRF_SetSwitch	24	static
radio_driver.c:918:9:SUBGRF_SetRfTxPower	24	static
radio_driver.c:957:10:SUBGRF_GetRadioWakeUpTime	8	static
radio_driver.c:963:6:HAL_SUBGHZ_TxCpltCallback	16	static
radio_driver.c:968:6:HAL_SUBGHZ_RxCpltCallback	16	static
radio_driver.c:973:6:HAL_SUBGHZ_CRCErrorCallback	16	static
radio_driver.c:978:6:HAL_SUBGHZ_CADStatusCallback	16	static
radio_driver.c:993:6:HAL_SUBGHZ_RxTxTimeoutCallback	16	static
radio_driver.c:998:6:HAL_SUBGHZ_HeaderErrorCallback	16	static
radio_driver.c:1003:6:HAL_SUBGHZ_PreambleDetectedCallback	16	static
radio_driver.c:1008:6:HAL_SUBGHZ_SyncWordValidCallback	16	static
radio_driver.c:1013:6:HAL_SUBGHZ_HeaderValidCallback	16	static
radio_driver.c:1018:13:Radio_SMPS_Set	24	static
