stm32wlxx_ll_gpio.h:937:22:LL_GPIO_SetOutputPin	16	static
stm32wlxx_ll_gpio.h:966:22:LL_GPIO_ResetOutputPin	16	static
radio.c:617:16:RadioSetRxGenericConfig	48	static
radio.c:760:16:RadioSetTxGenericConfig	40	static
radio.c:876:16:RadioGetFskBandwidthRegValue	24	static
radio.c:898:13:RadioInit	24	static
radio.c:926:21:RadioGetStatus	8	static
radio.c:941:13:RadioSetModem	16	static
radio.c:971:13:RadioSetChannel	16	static
radio.c:976:13:RadioIsChannelFree	72	static
radio.c:1016:17:RadioRandom	16	static
radio.c:1034:13:RadioSetRxConfig	48	static
radio.c:1215:13:RadioSetTxConfig	32	static
radio.c:1330:13:RadioCheckRfFrequency	16	static
radio.c:1335:17:RadioGetLoRaBandwidthInHz	24	static
radio.c:1376:17:RadioGetGfskTimeOnAirNumerator	16	static
radio.c:1400:17:RadioGetLoRaTimeOnAirNumerator	48	static
radio.c:1464:17:RadioTimeOnAir	48	static
radio.c:1497:13:RadioSend	56	static
radio.c:1578:13:RadioSleep	16	static
radio.c:1588:13:RadioStandby	8	static
radio.c:1593:13:RadioRx	16	static
radio.c:1625:13:RadioRxBoosted	16	static
radio.c:1650:13:RadioSetRxDutyCycle	16	static
radio.c:1657:13:RadioStartCad	8	static
radio.c:1663:13:RadioSetTxContinuousWave	24	static
radio.c:1681:16:RadioRssi	16	static
radio.c:1686:13:RadioWrite	16	static
radio.c:1691:16:RadioRead	16	static
radio.c:1696:13:RadioWriteRegisters	16	static
radio.c:1701:13:RadioReadRegisters	16	static
radio.c:1706:13:RadioSetMaxPayloadLength	16	static
radio.c:1723:13:RadioSetPublicNetwork	16	static
radio.c:1742:17:RadioGetWakeupTime	8	static
radio.c:1748:13:RadioOnTxTimeoutIrq	16	static
radio.c:1760:13:RadioOnRxTimeoutIrq	16	static
radio.c:1772:13:RadioOnDioIrq	16	static
radio.c:1779:13:RadioIrqProcess	24	static
radio.c:1928:13:RadioTxPrbs	8	static
radio.c:1936:13:RadioTxCw	24	static
radio.c:1943:13:payload_integration	40	static
