stm32wlxx_ll_rcc.h:1972:22:LL_RCC_SetClkAfterWakeFromStop	16	static
stm32wlxx_ll_bus.h:449:22:LL_AHB2_GRP1_EnableClock	24	static
stm32wlxx_ll_bus.h:489:22:LL_AHB2_GRP1_DisableClock	16	static
sys_app.c:93:6:SystemApp_Init	8	static
sys_app.c:147:6:UTIL_SEQ_Idle	8	static
sys_app.c:163:13:TimestampNow	32	static
sys_app.c:176:13:Gpio_PreInit	32	static
sys_app.c:216:6:UTIL_ADV_TRACE_PreSendHook	8	static
sys_app.c:227:6:UTIL_ADV_TRACE_PostSendHook	8	static
sys_app.c:238:13:tiny_snprintf_like	24	static
sys_app.c:263:19:HAL_InitTick	16	static
sys_app.c:280:10:HAL_GetTick	8	static
sys_app.c:297:6:HAL_Delay	16	static
