stm32wlxx_ll_rtc.h:1527:26:LL_RTC_TIME_GetSubSecond	16	static
timer_if.c:173:21:TIMER_IF_Init	16	static
timer_if.c:207:21:TIMER_IF_StartTimer	64	static
timer_if.c:235:21:TIMER_IF_StopTimer	16	static
timer_if.c:253:10:TIMER_IF_SetTimerContext	8	static
timer_if.c:267:10:TIMER_IF_GetTimerContext	4	static
timer_if.c:278:10:TIMER_IF_GetTimerElapsedTime	8	static
timer_if.c:289:10:TIMER_IF_GetTimerValue	8	static
timer_if.c:307:10:TIMER_IF_GetMinimumTimeout	4	static
timer_if.c:318:10:TIMER_IF_Convert_ms2Tick	32	static
timer_if.c:329:10:TIMER_IF_Convert_Tick2ms	24	static
timer_if.c:340:6:TIMER_IF_DelayMs	24	static,ignoring_inline_asm
timer_if.c:358:6:HAL_RTC_AlarmAEventCallback	16	static
timer_if.c:369:6:HAL_RTCEx_SSRUEventCallback	24	static
timer_if.c:384:10:TIMER_IF_GetTime	48	static
timer_if.c:407:6:TIMER_IF_BkUp_Write_Seconds	16	static
timer_if.c:418:6:TIMER_IF_BkUp_Write_SubSeconds	16	static
timer_if.c:429:10:TIMER_IF_BkUp_Read_Seconds	8	static
timer_if.c:440:10:TIMER_IF_BkUp_Read_SubSeconds	8	static
timer_if.c:456:13:TIMER_IF_BkUp_Write_MSBticks	16	static
timer_if.c:467:17:TIMER_IF_BkUp_Read_MSBticks	16	static
timer_if.c:480:24:GetTimerTicks	8	static
