stm32wlxx_ll_bus.h:1079:22:LL_APB1_GRP2_ForceReset	16	static
stm32wlxx_ll_bus.h:1124:22:LL_APB1_GRP2_ReleaseReset	16	static
stm32wlxx_ll_exti.h:266:22:LL_EXTI_EnableIT_0_31	16	static
usart_if.c:99:25:vcom_Init	16	static
usart_if.c:114:25:vcom_DeInit	8	static
usart_if.c:139:6:vcom_Trace	16	static
usart_if.c:150:25:vcom_Trace_DMA	16	static
usart_if.c:162:25:vcom_ReceiveInit	24	static
usart_if.c:198:6:vcom_Resume	8	static
usart_if.c:213:6:HAL_UART_TxCpltCallback	16	static
usart_if.c:225:6:HAL_UART_RxCpltCallback	16	static
